warning: unused import: `XfaNodeKind`
  --> core/src/xfa/script_executor.rs:26:27
   |
26 | use crate::xfa::{XfaNode, XfaNodeKind};
   |                           ^^^^^^^^^^^
   |
   = note: `#[warn(unused_imports)]` (part of `#[warn(unused)]`) on by default

warning: unused import: `std::str::FromStr`
  --> core/src/flattened/mod.rs:15:5
   |
15 | use std::str::FromStr;
   |     ^^^^^^^^^^^^^^^^^

warning: variable `text_node_count` is assigned to, but never used
   --> core/src/document/modules/heading_detector.rs:591:13
    |
591 |         let mut text_node_count = 0;
    |             ^^^^^^^^^^^^^^^^^^^
    |
    = note: consider using `_text_node_count` instead
    = note: `#[warn(unused_variables)]` (part of `#[warn(unused)]`) on by default

warning: value assigned to `text_node_count` is never read
   --> core/src/document/modules/heading_detector.rs:605:17
    |
605 |                 text_node_count += 1;
    |                 ^^^^^^^^^^^^^^^^^^^^
    |
    = help: maybe it is overwritten before being read?
    = note: `#[warn(unused_assignments)]` (part of `#[warn(unused)]`) on by default

warning: unused variable: `bottom_idx`
   --> core/src/document/modules/text_block_merger.rs:127:23
    |
127 |         let (top_idx, bottom_idx) = if bounds_a.y <= bounds_b.y {
    |                       ^^^^^^^^^^ help: if this is intentional, prefix it with an underscore: `_bottom_idx`

warning: unused variable: `result`
    --> core/src/exhaustive.rs:1349:17
     |
1349 |             let result = new_form.set_value_as_user(field.path.as_str(...
     |                 ^^^^^^ help: if this is intentional, prefix it with an underscore: `_result`

warning: `blueprint` (lib) generated 6 warnings (run `cargo fix --lib -p blueprint` to apply 3 suggestions)
warning: unused import: `std::str::FromStr`
  --> core/src/flattened/mod.rs:15:5
   |
15 | use std::str::FromStr;
   |     ^^^^^^^^^^^^^^^^^
   |
   = note: `#[warn(unused_imports)]` (part of `#[warn(unused)]`) on by default

warning: unused import: `std::collections::HashMap`
    --> core/src/structured/merger.rs:1148:9
     |
1148 |     use std::collections::HashMap;
     |         ^^^^^^^^^^^^^^^^^^^^^^^^^

warning: unused import: `XfaNodeKind`
  --> core/src/xfa/script_executor.rs:26:27
   |
26 | use crate::xfa::{XfaNode, XfaNodeKind};
   |                           ^^^^^^^^^^^

warning: unused import: `InlineNode`
    --> core/src/tests/mod.rs:3587:43
     |
3587 |     use crate::structured::{HeadingLevel, InlineNode, StructuredNode};
     |                                           ^^^^^^^^^^

warning: unused import: `crate::structured::StructuredNode`
    --> core/src/tests/mod.rs:4060:9
     |
4060 |     use crate::structured::StructuredNode;
     |         ^^^^^^^^^^^^^^^^^^^^^^^^^^^^^^^^^

warning: unused import: `crate::structured::StructuredNode`
    --> core/src/tests/mod.rs:4139:9
     |
4139 |     use crate::structured::StructuredNode;
     |         ^^^^^^^^^^^^^^^^^^^^^^^^^^^^^^^^^

warning: unused import: `InlineNode`
    --> core/src/tests/mod.rs:4239:53
     |
4239 |     use crate::structured::{FieldNode, HeadingNode, InlineNode, Struct...
     |                                                     ^^^^^^^^^^

warning: unused import: `InlineNode`
    --> core/src/tests/mod.rs:4401:42
     |
4401 |     use crate::structured::{HeadingNode, InlineNode, StructuredNode};
     |                                          ^^^^^^^^^^

warning: unused imports: `FieldNode` and `StructuredNode`
    --> core/src/tests/mod.rs:4510:29
     |
4510 |     use crate::structured::{FieldNode, FieldType, StructuredNode};
     |                             ^^^^^^^^^             ^^^^^^^^^^^^^^

warning: unused imports: `ConditionalNode`, `FieldNode`, and `StructuredNode`
    --> core/src/tests/mod.rs:4565:29
     |
4565 | ...ured::{ConditionalNode, FieldNode, FieldType, StructuredNode};
     |           ^^^^^^^^^^^^^^^  ^^^^^^^^^             ^^^^^^^^^^^^^^

warning: unused import: `FieldNode`
    --> core/src/tests/mod.rs:4620:29
     |
4620 |     use crate::structured::{FieldNode, FieldType, InputValue, Repeatab...
     |                             ^^^^^^^^^

warning: unused import: `FieldNode`
    --> core/src/tests/mod.rs:4828:29
     |
4828 |     use crate::structured::{FieldNode, FieldType, InputValue, Structur...
     |                             ^^^^^^^^^

warning: unused import: `StructuredNode`
    --> core/src/tests/mod.rs:5432:40
     |
5432 |     use crate::structured::{FieldType, StructuredNode};
     |                                        ^^^^^^^^^^^^^^

warning: unused imports: `HeadingLevel` and `StructuredNode`
    --> core/src/tests/mod.rs:6767:29
     |
6767 |     use crate::structured::{HeadingLevel, StructuredNode};
     |                             ^^^^^^^^^^^^  ^^^^^^^^^^^^^^

warning: unused imports: `HeadingLevel` and `StructuredNode`
    --> core/src/tests/mod.rs:6812:29
     |
6812 |     use crate::structured::{HeadingLevel, StructuredNode};
     |                             ^^^^^^^^^^^^  ^^^^^^^^^^^^^^

warning: unused imports: `AnalysisModule`, `HeadingDetector`, `TextBlockGrouper`, and `TextBlockMerger`
    --> core/src/tests/mod.rs:6852:9
     |
6852 | ...   AnalysisModule, GlobalContext, HeadingDetector, TextBlockGrouper, TextBlockMerger,
     |       ^^^^^^^^^^^^^^                 ^^^^^^^^^^^^^^^  ^^^^^^^^^^^^^^^^  ^^^^^^^^^^^^^^^

warning: unused imports: `FieldNode` and `StructuredNode`
    --> core/src/tests/mod.rs:7085:29
     |
7085 |     use crate::structured::{FieldNode, FieldType, StructuredNode};
     |                             ^^^^^^^^^             ^^^^^^^^^^^^^^

warning: unused imports: `FieldNode` and `StructuredNode`
    --> core/src/tests/mod.rs:7125:29
     |
7125 |     use crate::structured::{FieldNode, FieldType, StructuredNode};
     |                             ^^^^^^^^^             ^^^^^^^^^^^^^^

warning: unused imports: `FieldNode` and `StructuredNode`
    --> core/src/tests/mod.rs:7153:29
     |
7153 |     use crate::structured::{FieldNode, FieldType, StructuredNode};
     |                             ^^^^^^^^^             ^^^^^^^^^^^^^^

warning: unused imports: `FieldNode` and `StructuredNode`
    --> core/src/tests/mod.rs:7194:29
     |
7194 |     use crate::structured::{FieldNode, FieldType, StructuredNode};
     |                             ^^^^^^^^^             ^^^^^^^^^^^^^^

warning: unused imports: `ConditionalNode`, `FieldNode`, and `StructuredNode`
    --> core/src/tests/mod.rs:7308:29
     |
7308 | ...ured::{ConditionalNode, FieldNode, FieldType, StructuredNode};
     |           ^^^^^^^^^^^^^^^  ^^^^^^^^^             ^^^^^^^^^^^^^^

warning: unused import: `TranslatableString`
    --> core/src/tests/mod.rs:8474:63
     |
8474 | ...neNode, StructuredNode, TranslatableString};
     |                            ^^^^^^^^^^^^^^^^^^

warning: unused imports: `FieldNode` and `StructuredNode`
     --> core/src/tests/mod.rs:10589:29
      |
10589 |     use crate::structured::{FieldNode, FieldType, StructuredNode};
      |                             ^^^^^^^^^             ^^^^^^^^^^^^^^

warning: unused import: `FieldNode`
     --> core/src/tests/mod.rs:10766:29
      |
10766 |     use crate::structured::{FieldNode, StructuredNode};
      |                             ^^^^^^^^^

warning: unused import: `crate::context::Context`
     --> core/src/tests/mod.rs:12016:9
      |
12016 |     use crate::context::Context;
      |         ^^^^^^^^^^^^^^^^^^^^^^^

warning: unused imports: `FieldNode`, `HeadingLevel`, `HeadingNode`, `InlineText`, and `StructuredNode`
     --> core/src/tests/mod.rs:12017:29
      |
12017 | ...::{FieldNode, HeadingLevel, HeadingNode, InlineText, StructuredNode};
      |       ^^^^^^^^^  ^^^^^^^^^^^^  ^^^^^^^^^^^  ^^^^^^^^^^  ^^^^^^^^^^^^^^

warning: unused import: `MasterPageRegion`
     --> core/src/tests/mod.rs:12466:34
      |
12466 |     use crate::flattened::{Hint, MasterPageRegion};
      |                                  ^^^^^^^^^^^^^^^^

warning: unused imports: `Hint` and `MasterPageRegion`
     --> core/src/tests/mod.rs:12637:28
      |
12637 |     use crate::flattened::{Hint, MasterPageRegion};
      |                            ^^^^  ^^^^^^^^^^^^^^^^

warning: unused imports: `ConditionalNode` and `FieldType`
     --> core/src/tests/mod.rs:12828:29
      |
12828 |     use crate::structured::{ConditionalNode, FieldType, StructuredNode};
      |                             ^^^^^^^^^^^^^^^  ^^^^^^^^^

warning: unused import: `crate::structured::StructuredNode`
     --> core/src/tests/mod.rs:12876:9
      |
12876 |     use crate::structured::StructuredNode;
      |         ^^^^^^^^^^^^^^^^^^^^^^^^^^^^^^^^^

warning: unused import: `crate::context::Context`
     --> core/src/tests/mod.rs:13447:9
      |
13447 |     use crate::context::Context;
      |         ^^^^^^^^^^^^^^^^^^^^^^^

warning: unused import: `FieldType`
     --> core/src/tests/mod.rs:18924:29
      |
18924 |     use crate::structured::{FieldType, InputValue};
      |                             ^^^^^^^^^

warning: unused import: `run_analysis_pipeline`
     --> core/src/tests/mod.rs:20659:9
      |
20659 |         run_analysis_pipeline,
      |         ^^^^^^^^^^^^^^^^^^^^^

warning: unused import: `GroupKind`
     --> core/src/tests/mod.rs:20661:37
      |
20661 |     use crate::document::{Document, GroupKind};
      |                                     ^^^^^^^^^

warning: unused import: `crate::document::modules::AnalysisModule`
     --> core/src/tests/mod.rs:20777:9
      |
20777 |     use crate::document::modules::AnalysisModule;
      |         ^^^^^^^^^^^^^^^^^^^^^^^^^^^^^^^^^^^^^^^^

warning: unused imports: `HeadingDetector` and `TextBlockMerger`
     --> core/src/tests/mod.rs:20778:36
      |
20778 | ...ument::modules::{HeadingDetector, TextBlockMerger, run_analysis_pi...
      |                     ^^^^^^^^^^^^^^^  ^^^^^^^^^^^^^^^

warning: unused import: `GroupKind`
     --> core/src/tests/mod.rs:20779:37
      |
20779 |     use crate::document::{Document, GroupKind};
      |                                     ^^^^^^^^^

warning: unused import: `InlineNode`
     --> core/src/tests/mod.rs:21076:35
      |
21076 |     use crate::structured::{self, InlineNode, StructuredNode};
      |                                   ^^^^^^^^^^

warning: unused import: `FieldType`
     --> core/src/tests/mod.rs:21390:29
      |
21390 |     use crate::structured::{FieldType, StructuredNode};
      |                             ^^^^^^^^^

warning: unused import: `GroupKind`
     --> core/src/tests/mod.rs:22621:27
      |
22621 |     use crate::document::{GroupKind, ListStyleType};
      |                           ^^^^^^^^^

warning: unused imports: `ListNode` and `StructuredNode`
     --> core/src/tests/mod.rs:23422:29
      |
23422 |     use crate::structured::{ListNode, StructuredNode};
      |                             ^^^^^^^^  ^^^^^^^^^^^^^^

warning: variable does not need to be mutable
    --> core/src/tests/mod.rs:1412:9
     |
1412 |     let mut bp = Blueprint::from_pdf(input_path("AAAI_019_DE.pdf")).un...
     |         ----^^
     |         |
     |         help: remove this `mut`
     |
     = note: `#[warn(unused_mut)]` (part of `#[warn(unused)]`) on by default

warning: variable `strong_in_structured` is assigned to, but never used
     --> core/src/tests/mod.rs:11452:9
      |
11452 |     let mut strong_in_structured = false;
      |         ^^^^^^^^^^^^^^^^^^^^^^^^
      |
      = note: consider using `_strong_in_structured` instead

warning: value assigned to `strong_in_structured` is never read
     --> core/src/tests/mod.rs:11467:17
      |
11467 |                 strong_in_structured = true;
      |                 ^^^^^^^^^^^^^^^^^^^^^^^^^^^
      |
      = help: maybe it is overwritten before being read?

warning: unused variable: `all_fields`
     --> core/src/tests/mod.rs:18930:9
      |
18930 |     let all_fields = collect_fields(&structured);
      |         ^^^^^^^^^^ help: if this is intentional, prefix it with an underscore: `_all_fields`

warning: function `make_field_node` is never used
     --> core/src/tests/mod.rs:12113:4
      |
12113 | fn make_field_node(name: &str, x: f64, y: f64, w: f64, h: f64) -> cra...
      |    ^^^^^^^^^^^^^^^
      |
      = note: `#[warn(dead_code)]` (part of `#[warn(unused)]`) on by default

warning: `blueprint` (lib test) generated 49 warnings (3 duplicates) (run `cargo fix --lib -p blueprint --tests` to apply 43 suggestions)
warning: function `get_table_cell_at_path` is never used
   --> app/src/components/editor/state.rs:292:8
    |
292 | pub fn get_table_cell_at_path<'a>(
    |        ^^^^^^^^^^^^^^^^^^^^^^
    |
    = note: `#[warn(dead_code)]` (part of `#[warn(unused)]`) on by default

warning: function `get_table_cell_at_path_mut` is never used
   --> app/src/components/editor/state.rs:506:8
    |
506 | pub fn get_table_cell_at_path_mut<'a>(
    |        ^^^^^^^^^^^^^^^^^^^^^^^^^^

warning: function `is_pseudo_node_path` is never used
   --> app/src/components/editor/state.rs:917:8
    |
917 | pub fn is_pseudo_node_path(path: &NodePath) -> bool {
    |        ^^^^^^^^^^^^^^^^^^^

warning: `blueprint-app` (bin "blueprint-app" test) generated 3 warnings
    Finished `release` profile [optimized] target(s) in 0.75s
     Running unittests src/lib.rs (target/release/deps/blueprint-d846838e705d7014)

running 746 tests
test aem::converter::tests::convert_heading_produces_titledraw ... ok
test aem::converter::tests::convert_unordered_list_produces_textdraw ... ok
test aem::converter::tests::convert_radio_field ... ok
test aem::converter::tests::convert_repeatable ... ok
test aem::converter::tests::convert_text_field ... ok
test aem::converter::tests::convert_paragraph_produces_textdraw ... ok
test aem::converter::tests::convert_checkbox_from_bool ... ok
test aem::converter::tests::convert_ordered_list_produces_textdraw ... ok
test aem::converter::tests::convert_select_field ... ok
test aem::converter::tests::convert_date_field ... ok
test aem::converter::tests::convert_group_produces_panel ... ok
test aem::converter::tests::conditional_produces_hidden_panel_and_wires_trigger ... ok
test aem::converter::tests::deterministic_uuids_are_reproducible ... ok
test aem::converter::tests::email_field_uses_eml_prefix ... ok
test aem::converter::tests::field_name_falls_back_to_som_path ... ok
test aem::converter::tests::field_name_uses_label_text ... ok
test aem::converter::tests::empty_nodes_are_skipped ... ok
test aem::converter::tests::grid_layout_distributes_colspan ... ok
test aem::converter::tests::h2_headings_create_section_panels ... ok
test aem::converter::tests::h2_section_panel_name_uses_title ... ok
test aem::converter::tests::heading_name_uses_text_content ... ok
test aem::converter::tests::make_name_deterministic_across_runs ... ok
test aem::converter::tests::make_name_unique_for_identical_labels ... ok
test aem::converter::tests::make_name_with_text_produces_prefix_camel_uuid ... ok
test aem::converter::tests::make_name_without_text_produces_prefix_uuid ... ok
test aem::converter::tests::number_field_uses_nb_prefix ... ok
test aem::converter::tests::multiple_conditions_same_trigger_grouped ... ok
test aem::converter::tests::panel_leaves_subset_of_fragment_requires_all_leaves ... ok
test aem::converter::tests::paragraph_name_uses_text_content ... ok
test aem::converter::tests::root_title_falls_back_to_form_code_without_h1 ... ok
test aem::converter::tests::root_title_uses_h1_heading_text ... ok
test aem::converter::tests::short_uuid_returns_8_hex_chars ... ok
test aem::converter::tests::tel_field_uses_tel_prefix ... ok
test aem::converter::tests::to_camel_case_basic ... ok
test aem::converter::tests::to_camel_case_empty_input ... ok
test aem::converter::tests::to_camel_case_numeric_input ... ok
test aem::converter::tests::to_camel_case_strips_html ... ok
test aem::converter::tests::to_camel_case_strips_special_chars ... ok
test aem::converter::tests::to_camel_case_truncates_at_word_boundary ... ok
test aem::package_writer::tests::dam_intermediate_folders_use_sling_folder ... ok
test aem::fragment_parser::tests::test_parse_fragment_name_generation ... ok
test aem::fragment_parser::tests::test_extract_bind_ref_elements_nested_ignored ... ok
test aem::fragment_parser::tests::test_extract_attr_value ... ok
test aem::fragment_parser::tests::test_extract_bind_ref_elements ... ok
test aem::package_writer::tests::field_label_translation_key_is_plain_text ... ok
test aem::package_writer::tests::translation_key_equals_fd_prefix_plus_value_for_list ... ok
test aem::package_writer::tests::translation_key_equals_fd_prefix_plus_value_for_paragraph ... ok
test aem::package_writer::tests::translation_key_for_h1_guideformtitle_includes_html_wrapping ... ok
test aem::package_writer::tests::translation_key_for_h2_panel_title_is_plain_text ... ok
test aem::package_writer::tests::translation_key_for_h3_titledraw_includes_html_wrapping ... ok
test aem::package_writer::tests::dam_asset_xml_has_correct_resource_type ... ok
test aem::package_writer::tests::dam_asset_xml_uses_configured_xsd_ref ... ok
test aem::template::tests::test_render_string_with_context ... ok
test aem::package_writer::tests::dam_template_receives_resolved_xsd_ref ... ok
test aem::template::tests::test_resolve_simple_variables ... ok
test aem::xml_writer::tests::checkbox_with_conditions_emits_scripts ... ok
test aem::xml_writer::tests::dropdown_has_options ... ok
test aem::package_writer::tests::xsd_path_without_leading_slash_is_normalized ... ok
test aem::package_writer::tests::package_uses_configured_xsd_zip_path ... ok
test aem::package_writer::tests::bind_to_xsd_without_xsd_path_omits_xsd_from_package ... ok
test aem::xml_writer::tests::dor_colspan_not_emitted_when_none ... ok
test aem::package_writer::tests::xsd_filter_root_included_in_package ... ok
test aem::xml_writer::tests::dor_colspan_emitted_on_fields_in_grid_panel ... ok
test aem::template::tests::test_resolve_chained_variables ... ok
test aem::package_writer::tests::package_contains_dam_and_form_content ... ok
test aem::xml_writer::tests::checkbox_options_serialized ... ok
test aem::xml_writer::tests::missing_template_omits_component ... ok
test aem::xml_writer::tests::dropdown_with_conditions_emits_scripts ... ok
test aem::xml_writer::tests::hidden_panel_emits_visible_false ... ok
test aem::xml_writer::tests::value_commit_json_has_correct_structure ... ok
test aem::xml_writer::tests::radio_button_with_conditions_emits_scripts ... ok
test aem::xml_writer::tests::value_commit_script_uses_single_quotes ... ok
test aem::xml_writer::tests::repeatable_has_min_max_occur ... ok
test aem::xml_writer::tests::radio_without_conditions_has_no_scripts ... ok
test aem::xml_writer::tests::xml_output_renders_textdraw ... ok
test aem::xml_writer::tests::text_field_has_responsive_width ... ok
test context::tests::test_context_creation ... ok
test context::tests::test_context_with_variables ... ok
test context::tests::test_context_serialization_empty_variables_omitted ... ok
test context::tests::test_context_serialization ... ok
test document::modules::field_table_detector::tests::test_builder_configuration ... ok
test document::modules::checkbox_detector::tests::test_is_square ... ok
test document::modules::field_table_detector::tests::test_default_configuration ... ok
test document::modules::grid_template::tests::equal_widths_returns_none ... ok
test document::modules::grid_template::tests::four_fields_varying ... ok
test document::modules::grid_template::tests::minimum_span_is_one ... ok
test document::modules::date_field_detector::tests::test_no_date_for_unrelated_fields ... ok
test document::modules::grid_template::tests::nearly_equal_widths_returns_none ... ok
test document::modules::grid_template::tests::ratio_1_1_2 ... ok
test document::modules::grid_template::tests::ratio_1_2 ... ok
test document::modules::grid_template::tests::ratio_1_3 ... ok
test document::modules::grid_template::tests::single_element_returns_none ... ok
test document::modules::grid_template::tests::remainder_distributed_by_largest_fraction ... ok
test document::modules::heading_detector::tests::test_bold_larger_text_detected_as_heading ... ok
test document::modules::heading_detector::tests::test_detect_headings_by_size ... ok
test document::modules::checkbox_detector::tests::test_checkbox_detection ... ok
test document::modules::heading_detector::tests::test_insufficient_samples ... ok
test document::modules::heading_detector::tests::test_is_single_sentence ... ok
test document::modules::heading_detector::tests::test_long_text_not_heading ... ok
test document::modules::heading_detector::tests::test_multiple_sentences_not_heading ... ok
test document::modules::heading_detector::tests::test_border_based_heading_distinction ... ok
test document::modules::heading_detector::tests::test_normalize_heading_levels_h1_becomes_h1 ... ok
test document::modules::heading_detector::tests::test_normalize_heading_levels_no_skip ... ok
test document::modules::heading_detector::tests::test_normalize_heading_levels_preserves_relative_levels ... ok
test document::modules::heading_detector::tests::test_normalize_heading_levels_same_level_repeat ... ok
test document::modules::date_field_detector::tests::test_distant_fields_not_grouped ... ok
test document::modules::date_field_detector::tests::test_partial_date_month_year ... ok
test document::modules::date_field_detector::tests::test_numeric_literal_day ... ok
test document::modules::heading_detector::tests::test_single_sentence_heading ... ok
test document::modules::inline_field_date_picker::tests::test_detector_with_text_block ... ok
test document::modules::inline_field_date_picker::tests::test_detector_multiple_patterns ... ok
test document::modules::inline_field_date_picker::tests::test_extract_parts_basic ... ok
test document::modules::inline_field_date_picker::tests::test_extract_parts_no_prefix ... ok
test document::modules::inline_field_date_picker::tests::test_extract_parts_with_suffix ... ok
test document::modules::inline_field_date_picker::tests::test_find_date_pattern_full_year ... ok
test document::modules::date_field_detector::tests::test_placeholder_dd_with_fields ... ok
test document::modules::inline_field_date_picker::tests::test_find_date_pattern_basic ... ok
test document::modules::inline_field_date_picker::tests::test_find_date_pattern_with_spaces ... ok
test document::modules::inline_field_date_picker::tests::test_find_date_pattern_no_match ... ok
test document::modules::inline_field_date_picker::tests::test_find_date_pattern_with_many_spaces ... ok
test document::modules::heading_detector::tests::test_heading_level_ordering ... ok
test document::modules::inline_field_date_picker::tests::test_generate_field_name_basic ... ok
test document::modules::inline_field_date_picker::tests::test_generate_field_name_complex ... ok
test document::modules::inline_field_date_picker::tests::test_generate_field_name_special_chars ... ok
test document::modules::inline_field_date_picker::tests::test_label_does_not_include_date_pattern ... ok
test document::modules::date_field_detector::tests::test_three_fields_with_dot_delimiters ... ok
test document::modules::heading_detector::tests::test_headings_ordered_top_to_bottom ... ok
test document::modules::date_field_detector::tests::test_fields_with_yyyy_placeholder ... ok
test document::modules::inline_field_detector::tests::test_not_inline_without_adjacent_text ... ok
test document::modules::label_attacher::tests::test_no_label_for_distant_field ... ok
test document::modules::list_detector::tests::test_detect_no_marker ... ok
test document::modules::list_detector::tests::test_detect_no_marker_dash_no_space ... ok
test document::modules::inline_field_detector::tests::test_not_inline_when_label_above ... ok
test document::modules::list_detector::tests::test_detect_ordered_letter ... ok
test document::modules::list_detector::tests::test_detect_ordered_letter_upper ... ok
test document::modules::list_detector::tests::test_detect_ordered_number ... ok
test document::modules::inline_field_detector::tests::test_inline_field_contained_in_text_block ... ok
test document::modules::list_detector::tests::test_detect_ordered_number_paren ... ok
test document::modules::list_detector::tests::test_detect_ordered_roman ... ok
test document::modules::list_detector::tests::test_detect_parenthesized_alpha ... ok
test document::modules::inline_field_detector::tests::test_inline_field_with_text_right ... ok
test document::modules::list_detector::tests::test_detect_parenthesized_numeric ... ok
test document::modules::list_detector::tests::test_detect_parenthesized_roman ... ok
test document::modules::list_detector::tests::test_detect_unordered_bullet ... ok
test document::modules::list_detector::tests::test_detect_unordered_dash ... ok
test document::modules::inline_field_detector::tests::test_inline_field_with_text_left ... ok
test document::modules::list_detector::tests::test_detect_unordered_endash ... ok
test document::modules::inline_field_detector::tests::test_not_inline_when_label_above_and_text_overlapping ... ok
test document::modules::label_attacher::tests::test_label_left_of_field ... ok
test document::modules::label_attacher::tests::test_label_above_field ... ok
test document::modules::label_attacher::tests::test_statistical_analysis_chooses_dominant_position ... ok
test document::modules::placeholder_filter::tests::test_ellipsis_are_placeholder ... ok
test document::modules::placeholder_filter::tests::test_dots_are_placeholder ... ok
test document::modules::placeholder_filter::tests::test_dashes_are_placeholder ... ok
test document::modules::placeholder_filter::tests::test_empty_is_not_placeholder ... ok
test document::modules::placeholder_filter::tests::test_mixed_content_is_not_placeholder ... ok
test document::modules::placeholder_filter::tests::test_real_text_is_not_placeholder ... ok
test document::modules::placeholder_filter::tests::test_short_strings_are_not_placeholder ... ok
test document::modules::placeholder_filter::tests::test_underscores_are_placeholder ... ok
test document::modules::radio_button_detector::tests::test_non_square_field_not_detected ... ok
test document::modules::radio_button_detector::tests::test_is_square ... ok
test document::modules::list_detector::tests::test_does_not_group_single_item ... ok
test document::modules::repeatable_detector::tests::test_detect_single_repeatable ... ok
test document::modules::repeatable_detector::tests::test_detect_non_repeatable_ignored ... ok
test document::modules::repeatable_detector::tests::test_different_constraints_not_grouped ... ok
test document::modules::repeatable_detector::tests::test_group_adjacent_repeatables ... ok
test document::modules::radio_button_detector::tests::test_radio_button_detection ... ok
test document::modules::repeatable_detector::tests::test_repeatable_group_with_button_is_detected ... ok
test document::modules::repeatable_detector::tests::test_repeatable_group_with_nested_button_is_detected ... ok
test document::modules::repeatable_detector::tests::test_repeatable_group_without_button_is_ignored ... ok
test document::modules::table_detector::tests::test_detector_creation ... ok
test document::modules::text_block::tests::test_each_text_gets_own_block ... ok
test document::modules::list_detector::tests::test_different_x_positions_not_grouped ... ok
test document::modules::radio_button_grouper::tests::test_horizontal_radio_button_grouping ... ok
test document::modules::text_block_merger::tests::test_does_not_merge_different_font_size ... ok
test document::modules::text_block_merger::tests::test_does_not_merge_far_apart ... ok
test document::modules::text_block_merger::tests::test_does_not_merge_across_intervening_text_block ... ok
test document::modules::list_detector::tests::test_non_list_text_blocks_untouched ... ok
test document::tests::test_collect_node_indices ... ok
test document::tests::test_create_excl_group ... ok
test document::modules::text_block_merger::tests::test_merges_adjacent_blocks_same_font ... ok
test document::tests::test_create_labeled_field ... ok
test document::tests::test_document_initialization ... ok
test document::tests::test_find_groups_by_kind ... ok
test document::tests::test_group_type_labels ... ok
test document::tests::test_merge_text_block ... ok
test document::modules::list_detector::tests::test_does_not_group_mixed_markers ... ok
test flattened::tests::test_parse_rich_text_spacerun_preserves_non_space_characters ... ok
test document::modules::list_detector::tests::test_groups_ordered_list ... ok
test flattened::tests::test_parse_rich_text_span_font_weight_bold ... ok
test flattened::tests::test_parse_rich_text_bold_not_inherited_between_paragraphs ... ok
test flattened::tests::test_line_height_scaling ... ok
test document::tests::test_compute_group_bounds ... ok
test flattened::tests::test_tokenize_paragraph_runs_preserves_bold_across_space_run ... ok
test graphviz::tests::build_field_label_map_extracts_from_groups ... ok
test graphviz::tests::build_field_label_map_extracts_radio_labels ... ok
test graphviz::tests::dot_escape_handles_special_chars ... ok
test flattened::tests::test_space_above_scaling ... ok
test graphviz::tests::generate_dot_dedup_multiple_values_same_state ... ok
test graphviz::tests::generate_dot_nested_decisions ... ok
test graphviz::tests::generate_dot_produces_valid_structure ... ok
test graphviz::tests::generate_dot_single_state_no_decisions ... ok
test graphviz::tests::graph_selection_from_library_selection ... ok
test html::tests::test_custom_font_face_embedded ... ok
test html::tests::test_custom_stylesheet_appended ... ok
test html::tests::test_generate_conditional ... ok
test html::tests::test_duplicate_field_names_get_unique_ids ... ok
test html::tests::test_generate_radio_field ... ok
test html::tests::test_generate_simple_field ... ok
test html::tests::test_header_main_structure_without_custom ... ok
test document::modules::text_block_merger::tests::test_merges_three_adjacent_blocks ... ok
test document::modules::list_detector::tests::test_groups_unordered_list ... ok
test document::modules::text_block_merger::tests::test_multi_column_interleaving_does_not_block_same_column_merge ... ok
test structured::element_merge::tests::test_merge_headings_keeps_lower_level ... ok
test profiles::tests::embedded_html_loader_fails_without_profile_config ... ok
test profiles::tests::embedded_xsd_loader_fails_without_profile_config ... ok
test structured::element_merge::tests::test_cannot_merge_fields ... ok
test structured::element_merge::tests::test_merge_lists ... ok
test structured::element_merge::tests::test_merge_paragraph_into_list ... ok
test profiles::tests::ubs_profile_has_configs ... ok
test structured::element_merge::tests::test_merge_paragraphs ... ok
test structured::element_merge::tests::test_merge_with_empty ... ok
test html::tests::test_generate_repeatable ... ok
test html::tests::test_logo_in_header ... ok
test structured::merger::tests::test_hoist_below_threshold_no_split ... ok
test structured::merger::tests::test_hoist_recursive_into_group ... ok
test structured::merger::tests::test_hoist_no_common_content ... ok
test structured::merger::tests::test_hoist_common_run_in_middle ... ok
test structured::merger::tests::test_hoist_non_adjacent_same_field_skipped ... ok
test structured::merger::tests::test_hoist_nested_conditional ... ok
test structured::merger::tests::test_hoist_single_heavy_node ... ok
test structured::merger::tests::test_hoist_three_siblings_all_match ... ok
test structured::merger::tests::test_merge_empty ... ok
test structured::merger::tests::test_hoist_three_siblings_requires_all_match ... ok
test structured::merger::tests::test_merge_identical_structures ... ok
test structured::merger::tests::test_merge_same_selection_different_structure ... ok
test structured::merger::tests::test_merge_nested_selections ... ok
test structured::merger::tests::test_merge_same_selection_divergent_content_preserves_both_branches ... ok
test structured::merger::tests::test_merge_same_selection_with_shared_language_can_merge ... ok
test structured::merger::tests::test_merge_same_selection_without_shared_language_keeps_both ... ok
test structured::merger::tests::test_merge_single_input ... ok
test structured::merger::tests::test_merge_three_top_level_selections ... ok
test structured::merger::tests::test_merge_with_common_prefix ... ok
test structured::merger::tests::test_no_selection_group_content_stays_unconditional ... ok
test structured::merger::tests::test_recursive_node_count_group ... ok
test structured::merger::tests::test_recursive_node_count_leaf ... ok
test structured::merger::tests::test_recursive_node_count_nested ... ok
test structured::translation_merger::tests::test_merge_empty ... ok
test structured::translation_merger::tests::test_accept_similar_documents ... ok
test structured::translation_merger::tests::test_merge_grid_layout_asymmetric_element_count_preserves_all ... ok
test structured::translation_merger::tests::test_accept_documents_with_differing_conditional_and_gridlayout_structure ... ok
test structured::translation_merger::tests::test_merge_field_labels_and_options ... ok
test structured::translation_merger::tests::test_merge_preserves_context_variables ... ok
test structured::translation_merger::tests::test_merge_single_language_passthrough ... ok
test structured::translation_merger::tests::test_merge_table_caption_only_in_other_language ... ok
test structured::translation_merger::tests::test_merge_table_header_only_in_other_language ... ok
test structured::translation_merger::tests::test_merge_three_languages ... ok
test structured::translation_merger::tests::test_merge_three_languages_compound_word_heading_no_duplicate ... ok
test structured::translation_merger::tests::test_merge_two_languages_identical_structure ... ok
test structured::translation_merger::tests::test_merge_with_structural_mismatch_lcs ... ok
test structured::merger::tests::test_hoist_multiple_common_runs ... ok
test structured::translation_merger::tests::test_merge_radio_options_asymmetric_count_preserves_all ... ok
test structured::translation_merger::tests::test_merge_unmatched_nodes_are_tagged_with_source_language ... ok
test structured::translation_merger::tests::test_merge_table_row_asymmetric_count_preserves_all ... ok
test structured::translation_merger::tests::test_merge_mismatched_state_counts_succeeds_with_warning ... ok
test structured::translation_merger::tests::test_merge_list_asymmetric_item_count_preserves_all ... ok
test structured::translation_merger::tests::test_neighborhood_recovery_past_matched_boundary ... ok
test structured::translation_merger::tests::test_orphan_paragraph_absorption_preserves_multiple_orphan_order ... ok
test structured::translation_merger::tests::test_orphan_paragraph_absorption_does_not_drop_formatted_content ... ok
test structured::translation_merger::tests::test_prepend_orphan_seeds_missing_language_keys_on_existing_prefix_node ... ok
test structured::translation_merger::tests::test_reject_completely_different_documents ... ok
test structured::translation_merger::tests::test_reject_duplicate_languages ... ok
test structured::translation_merger::tests::test_reject_duplicate_languages_among_three ... ok
test structured::translation_merger::tests::test_reject_partially_different_documents ... ok
test structured::translation_merger::tests::test_orphan_paragraph_absorption_preserves_start_order_with_formatted_prefix ... ok
test structured::translation_merger::tests::test_three_language_conditional_alignment_across_orders ... ok
test structured::translation_merger::tests::test_three_language_field_options_all_present ... ok
test structured::translation_merger::tests::test_three_language_majority_structure_wins ... ok
test structured::translation_merger::tests::test_three_language_table_merge ... ok
test structured::translation_merger::tests::test_three_language_union_unique_content ... ok
test structured::translation_merger::tests::test_two_language_direct_compound_word_heading ... ok
test structured::translation_merger::tests::test_unmatched_option_gets_missing_translation_placeholder ... ok
test structured::translation_merger::tests::test_unmatched_list_item_with_prefixed_translated_text_keeps_full_content ... ok
test structured::translation_merger::tests::test_three_language_permutation_invariance_text ... ok
test profiles::tests::embedded_xsd_loader_discovers_nested_type_files ... ok
test profiles::tests::embedded_fragment_loader_parses_known_fragments ... ok
test aem::fragment_parser::tests::test_scan_fragments_with_real_directory ... ok
test document::modules::date_field_detector::tests::test_aaab_has_at_least_5_date_fields ... ok
test document::modules::inline_field_date_picker::tests::test_aaab_inline_date_fields_detected ... ok
test tests::test_aaab_aem_config_form_path_title_code ... ok
test tests::debug_aagz_xfa_freigeben_structure ... ok
test tests::debug_bage_list_detection ... ok
test tests::test_aaab_click_rb3_changes_section_title_to_loeschung ... ok
test tests::test_aaab_conditional_groups_field_enumeration ... ok
test tests::test_aaab_conditional_groups_section_visibility ... ok
test tests::test_aaab_des_label_alignment ... ok
test tests::test_aaab_debug_selection_inline_fields ... ok
test tests::test_aaab_disclaimer_text_not_bold ... ok
test tests::debug_aais_container_vs_content_height ... ok
test tests::test_aaab_ff_firstname_gets_vorname ... ok
test tests::test_aaab_direktvereinbarung2_isin_not_duplicated ... ok
test tests::test_aaab_direktvereinbarung2_column_headers_absorbed ... ok
test tests::test_aaab_exhaustive_produces_expected_states ... ok
test tests::test_aaab_ffrb1_shows_neuanlage_text_when_rb1_selected ... ok
test tests::test_aaab_fim_company_has_correct_font ... ok
test tests::test_aaab_hidden_field_with_computed_value_not_visible ... ok
test tests::test_aaaa_has_two_radio_button_groups ... ok
test tests::test_aaaa_has_repeatable_sections ... ok
test tests::test_aaaa_019_checkbox_detection ... ok
test tests::test_aaaa_heading_structure ... ok
test tests::test_aaab_fim3_text_inside_rb2_conditional ... ok
test tests::test_aaab_has_no_vertical_field_table ... ok
test tests::test_aaab_neuanlage_section_visible_when_rb1_selected ... ok
test tests::test_aaab_heading_structure ... ok
test tests::test_aaab_rb1_default_value ... ok
test tests::test_aaab_script_extraction_and_execution ... ok
test tests::test_aaab_isin_repeatable_not_inside_radio_button_content ... ok
test tests::test_aaai_comprehensive_heading_detection ... ok
test tests::test_aaai_ffdesignature_script_execution ... ok
test tests::test_aaai_en_bind_refs_match_xsd_structure ... ok
test tests::test_aaai_en_xsd_authorized_rep_type_pair ... ok
test tests::test_aaai_field_alignment ... ok
test tests::test_aaab_loeschung_radio_buttons_are_grouped ... ok
test tests::test_aaai_has_header_and_footer_groups ... ok
test tests::test_aaab_loeschung_retro_rueckverguetung_has_radio_button_content ... ok
test tests::test_aaab_merged_has_expected_conditionals ... ok
test tests::test_aaai_en_xsd_signature_type_matching ... ok
test tests::test_aaab_merged_signature_section_not_conditional ... ok
test tests::test_aaai_header_positioning ... ok
test tests::test_aaai_has_address_and_individual_fragments ... ok
test tests::test_aaai_has_exactly_two_signature_fragments ... ok
test tests::test_aaai_has_no_vertical_field_table ... ok
test tests::test_aaai_multi_paragraph_split_at_flattening ... ok
test tests::test_aaai_has_two_repeatable_sections ... ok
test tests::test_aaai_inline_field_vertragsbank ... ok
test tests::test_aaai_kunde_heading_not_in_repeatable ... ok
test tests::test_aaai_kunde_is_h2 ... ok
test tests::test_aaai_numbered_list_vertical_alignment ... ok
test tests::test_aaai_label_attachment ... ok
test tests::test_aaai_signature_labels_present ... ok
test tests::debug_aais_heading_font_properties ... ok
test tests::test_aaai_nachname_vorname_equal_colspan ... ok
test tests::test_aaai_plz_stadt_land_colspan_ordering ... ok
test tests::test_aaai_section_bind_ref_client_not_under_signature ... ok
test tests::test_aaai_structured_output_has_expected_field_labels ... ok
test tests::test_aaai_structured_output_h1_is_first ... ok
test tests::test_aaai_subform_no_overlap ... ok
test tests::test_aaai_structured_output_has_h1_heading ... ok
test tests::test_aaai_structured_output_no_button_add_minus ... ok
test tests::test_aaai_t_left_font_properties ... ok
test tests::test_aaai_unterschrift_en_section_header ... ok
test tests::test_aaai_merged_xsd_uses_master_language_for_element_names ... ok
test tests::test_aaai_multilingual_merge_de_en ... ok
test tests::test_aaai_structured_output_no_invisible_content ... ok
test tests::test_aaai_title_is_h1 ... ok
test tests::test_aaai_watermark_not_recognized_as_field ... ok
test tests::debug_aacs_regression_investigation ... ok
test tests::test_aaaq_de_field_row_ordering ... ok
test tests::test_aaaq_radio_button_groups ... ok
test tests::test_aaam_statusaenderung_heading_has_visible_top_border_in_flattened ... ok
test tests::test_aaaq_selection_inline_fields ... ok
test tests::test_aaaq_selection_inline_fields_structured_output ... ok
test tests::test_aaaq_vollmachten_heading_has_space_before_parenthesis ... ok
test tests::debug_aacj_en_flattened_text ... ok
test tests::test_aaam_exhaustive_state_counts_consistent_across_languages ... ok
test tests::debug_aacj_snippets_structure ... ok
test tests::test_aabk_besteht_ein_operations_agreement_radio_group ... ok
test tests::test_aabk_checkboxes ... ok
test tests::test_aabk_conditional_fields ... ok
test tests::test_aabk_erfullt_der_kunde_radio_group ... ok
test tests::test_aabk_handelszugange_radio_group ... ok
test tests::test_aaam_h2_headings_per_radio_option ... ok
test tests::test_aaam_nachname_label_not_merged_with_adjacent_text_block ... ok
test tests::test_aabk_lizenzuberprufung_radio_has_heading_label ... ok
test tests::test_aabk_periodische_due_diligence_radio_group ... ok
test tests::test_aacj_de_formular_adressat_dropdown_options ... ok
test tests::test_aabk_professionalisierung_radio_group ... ok
test tests::test_aabk_sind_die_adress_radio_group ... ok
test tests::test_aabk_sind_die_adress_radio_has_heading_label ... ok
test tests::test_aacj_de_has_expected_field_labels ... ok
test tests::test_aacj_dropdown_has_expected_client_type_options ... ok
test tests::test_aacj_de_inline_fields ... ok
test tests::test_aacj_de_tin_radio_button_options ... ok
test tests::test_aacj_dropdown_conditional_field_visibility ... ok
test tests::test_aacj_heading_structure ... ok
test tests::test_aaam_multilingual_merge_formular_adressat_visible_only_for_first_radio_option has been running for over 60 seconds
test tests::test_aaam_multilingual_merge_radio_options_de_en_sp has been running for over 60 seconds
test tests::test_aaam_multilingual_translation_triplet_same_node has been running for over 60 seconds
test tests::test_aaam_multilingual_translation_triplet_same_node_ubs_status_change has been running for over 60 seconds
test tests::test_aaam_pipeline_multilingual_merge_succeeds has been running for over 60 seconds
test tests::test_aacj_multilingual_merge_de_en_sp ... ok
test tests::test_aacj_state_count_diagnostic ... ok
test tests::test_aaea_has_radio_button_group_a_tal_fine ... ok
test tests::test_aaei_has_exactly_one_repeatable ... ok
test tests::test_aaei_has_expected_field_labels ... ok
test tests::test_aaei_has_one_unordered_list_with_two_items ... ok
test tests::test_aaei_has_repeatable_with_nachname_vorname ... ok
test tests::test_aaei_heading_structure ... ok
test tests::test_aaei_repeatable_buttons_have_scripts ... ok
test tests::test_aacj_multilingual_merge_paragraph_alignment ... ok
test tests::test_aaei_standalone_marker_merger ... ok
test tests::test_aagg_diag_heightless_subforms_in_areas ... ok
test tests::test_aacs_de_glossary_headings_detected ... ok
test tests::test_aagg_master_page_background_excluded_from_structured ... ok
test tests::test_aacj_multilingual_translation_snippets ... ok
test tests::test_aagg_debug_edb_structure ... ok
test tests::test_aagg_multilingual_translation_triplet_same_node ... ok
test tests::test_aagg_multilingual_translation_triplet_same_node_deposit_guarantee ... ok
test tests::test_aags_en_debug_flattened_fields ... ok
test tests::test_aagg_multilingual_translation_triplet_same_node_edb_website ... ok
test tests::test_aags_de_two_separate_lists_not_merged ... ok
test tests::test_aags_en_page_66439_included_in_flattened_output ... ok
test tests::test_aags_en_has_expected_fields_and_labels ... ok
test tests::test_aags_de_en_state_counts_match ... ok
test tests::test_aags_en_ohne_resultat_radio_has_no_label ... ok
test tests::test_aags_multilingual_merge_de_en ... ok
test tests::test_aaha_de_fuer_die_benutzung_von_dropdown_occurs_once ... ok
test tests::test_aaha_de_nachname_label_is_not_contaminated_with_agreement_text ... ok
test tests::test_aacc_dropdown_no_missing_translation_in_options ... ok
test tests::test_aacc_multilingual_merge_de_en ... ok
test tests::test_aacc_relationship_label_has_space ... ok
test tests::test_aagz_approval_text_preserves_space_before_parenthesis ... ok
test tests::test_aagz_labels_contain_no_rich_text ... ok
test tests::test_aagz_checkbox_checked_content_contains_text_and_radio_group ... ok
test tests::test_aaam_multilingual_merge_formular_adressat_visible_only_for_first_radio_option ... ok
test tests::test_aaam_multilingual_merge_radio_options_de_en_sp ... ok
test tests::test_aaam_multilingual_translation_triplet_same_node_ubs_status_change ... ok
test tests::test_aaam_multilingual_translation_triplet_same_node ... ok
test tests::test_aahq_anredesprache_dropdown has been running for over 60 seconds
test tests::test_aahq_dritte_partei_has_korrespondenzadresse_h3 has been running for over 60 seconds
test tests::test_aahq_dritte_partei_has_radio_buttons has been running for over 60 seconds
test tests::test_aahq_dritte_partei_is_repeatable has been running for over 60 seconds
test tests::test_aahq_endkunde_conditional_fields_for_anzulegen has been running for over 60 seconds
test tests::test_aahq_endkunde_conditional_fields_for_bereits_vorhanden has been running for over 60 seconds
test tests::test_aahq_endkunde_radio_bereits_vorhanden_anzulegen has been running for over 60 seconds
test tests::test_aahq_h1_heading has been running for over 60 seconds
test tests::test_aahq_h2_headings has been running for over 60 seconds
test tests::test_aahq_h3_headings has been running for over 60 seconds
test tests::test_aahq_has_neuanlage_aenderung_radio_button_group has been running for over 60 seconds
test tests::test_aaam_pipeline_multilingual_merge_succeeds ... ok
test tests::test_aahq_nachname_vorname_in_same_row has been running for over 60 seconds
test tests::test_aahq_anredesprache_dropdown ... ok
test tests::test_aahq_dritte_partei_has_radio_buttons ... ok
test tests::test_aahq_dritte_partei_is_repeatable ... ok
test tests::test_aais_019_aem_disclosure_texts_not_in_conditional ... ok
test tests::test_aahq_dritte_partei_has_korrespondenzadresse_h3 ... ok
test tests::test_aais_019_dash_markers_alignment ... ok
test tests::test_aais_019_de_real_estate_aif_continuation_stays_in_right_column ... ok
test tests::test_aais_019_de_row_separator_spans_both_columns ... ok
test tests::test_aahq_endkunde_conditional_fields_for_bereits_vorhanden ... ok
test tests::test_aahq_endkunde_radio_bereits_vorhanden_anzulegen ... ok
test tests::test_aais_019_en_list_marker_paragraph_alignment ... ok
test tests::test_aahq_endkunde_conditional_fields_for_anzulegen ... ok
test tests::test_aais_019_en_text_block_merger_paragraph_separation ... ok
test tests::test_aais_019_de_umlauts_preserved ... ok
test tests::test_aais_019_disclosure_headings_detected ... ok
test tests::test_aais_019_fee_table_pairs_are_side_by_side_in_flattened ... ok
test tests::test_aais_019_hyphenation_paragraph_height ... ok
test tests::test_aais_019_en_form_addressee_investigation ... ok
test tests::test_aais_019_state_commission_visibility ... ok
test tests::test_aais_019_table_detection_diagnostic ... ok
test tests::test_aais_019_table_detection ... ok
test tests::test_aaki_has_exactly_two_signature_fragments ... ok
test tests::test_aahq_h1_heading ... ok
test tests::test_aais_019_company_field_recognized_per_language ... ok
test tests::test_aahq_h2_headings ... ok
test tests::test_aaki_has_list_with_expected_items ... ok
test tests::test_aahq_h3_headings ... ok
test tests::test_aahq_has_neuanlage_aenderung_radio_button_group ... ok
test tests::test_aaks_checkboxes ... ok
test tests::test_aane_multilingual_merge_no_duplicate_h2 ... ok
test tests::test_aaks_heading_structure ... ok
test tests::test_aaks_nachname_vorname_firma_on_single_row ... ok
test tests::test_aaoe_company_section_visible_when_legal_entity_selected ... ok
test tests::test_aaks_plz_stadt_land_share_row ... ok
test tests::test_aaoe_company_section_hidden_when_individual_selected ... ok
test tests::test_aaoe_debug_all_section_titles_in_flattened ... ok
test tests::test_aaoe_dropdown_has_legal_entity_and_individual_options ... ok
test tests::test_aaoe_exhaustive_produces_two_dropdown_states ... ok
test tests::test_aaoe_debug_dichiarazione_firme_detection ... ok
test tests::test_aaoe_dichiarazione_and_firme_in_all_states ... ok
test tests::test_aaoe_dichiarazione_is_bold ... ok
test tests::test_aais_019_fee_list_recognized_and_translated ... ok
test tests::test_aaoe_individual_street_row_below_name_row ... ok
test tests::test_aaoe_has_exactly_one_h1_heading ... ok
test tests::test_aaoe_labels_computed_from_javascript ... ok
test tests::test_aaoe_h2_sections ... ok
test tests::test_aaoe_headings_consistent_across_states ... ok
test tests::test_aaoe_nazionalita_dichiarazione_gap_not_too_large ... ok
test tests::test_aaoe_has_one_ordered_list_with_three_items ... ok
test tests::test_aaoe_no_extra_spacing_above_h2_headings ... ok
test tests::test_aais_019_structural_similarity_diagnostic ... ok
test tests::test_aaks_radio_button_has_three_options ... ok
test tests::test_aaoe_split_paragraph_border_not_propagated ... ok
test tests::test_aais_019_no_missing_translation_list ... ok
test tests::test_aaoe_merged_has_dropdown_conditionals ... ok
test tests::test_aaqd_partial_bold_richiede ... ok
test tests::test_aapr_has_decimal_and_dash_lists ... ok
test tests::test_aari_has_list_with_expected_items ... ok
test tests::test_aaoe_title_does_not_include_subtitle ... ok
test tests::test_aari_has_radio_button_with_fiscal_regime_options ... ok
test tests::test_aaqm_inline_field_contratto ... ok
test tests::test_acav_exhaustive_dedup_reduces_states ... ok
test tests::test_aaks_strasse_nr_share_row ... ok
test tests::test_acav_field_labels_are_correct ... ok
test tests::test_acav_freigabe_restbetrag_are_grouped ... ok
test tests::test_acav_gesamtbetrag_teilzahlung_are_grouped ... ok
test tests::test_aaor_has_unordered_list_with_declarations ... ok
test tests::test_aem_profile_allows_bind_to_xsd_without_xsd_path ... ok
test tests::test_acav_vermieter_mieter_are_grouped ... ok
test tests::test_acav_vollsaldierung_uebertrag_are_grouped ... ok
test tests::test_acav_vollsaldierung_uebertrag_have_radio_button_contents ... ok
test tests::test_aais_019_translation_merge_content ... ok
test tests::test_aem_package_valid_aaai ... ok
test tests::test_aem_xml_valid_aaai ... ok
test tests::test_aem_xml_valid_aaab ... ok
test tests::test_aem_xml_valid_aaei ... ok
test tests::test_aem_xml_valid_aace ... ok
test tests::test_aem_xml_valid_aagg ... ok
test tests::test_aahq_pvv_banklagernder_kunde_radio_group has been running for over 60 seconds
test tests::test_aem_xml_valid_aaaa ... ok
test tests::test_aem_aacq_title_translated ... ok
test tests::test_aem_form_xml_has_utf8_declaration ... ok
test tests::test_aem_xml_valid_aaoe ... ok
test tests::test_aem_xml_valid_aapr ... ok
test tests::test_aem_xml_valid_acav ... ignored, ACAV_001 lacks XFA variables required by the UBS AEM profile templates
test tests::test_all_form_codes_pipeline ... ignored, Runs the full pipeline for all forms, which is time-consuming. Run this test manually when needed to validate all forms.
test tests::test_antrag_debug_title_text_runs ... ok
test tests::test_antrag_sozialhilfe_font_generic_family_not_monospace ... ok
test tests::test_aem_package_valid_aacq ... ok
test tests::test_antrag_sozialhilfe_multipage_merge ... ok
test tests::test_aem_xml_valid_aaqm ... ok
test tests::test_aem_xml_valid_aacq ... ok
test tests::test_aem_xml_valid_aags ... ok
test tests::test_bage_checkbox_label_sofern_abweichend ... ok
test tests::test_bage_has_no_ordered_list_only_numbered_headings ... ok
test tests::test_bage_t_indent_first_dash_y_alignment ... ok
test tests::test_bage_tindent_numbers_have_explicit_zero_margin ... ok
test tests::test_aem_xml_valid_aaks ... ok
test tests::test_bago_019_bullet_list_alignment ... ok
test tests::test_bago_019_numbered_list_alignment ... ok
test tests::test_bago_019_paragraph_diagnostic ... ok
test tests::test_bage_numbered_headings_keep_number_prefix ... ok
test tests::test_bago_019_table_detection_diagnostic ... ok
test tests::test_bagq_debug_selectable_fields ... ok
test tests::test_bage_unordered_lists ... ok
test tests::test_bago_019_table_detection ... ok
test tests::test_aem_xml_valid_aacb ... ok
test tests::test_bind_refs_multi_type_match ... ok
test tests::test_bind_refs_nested_subsections ... ok
test tests::test_bind_refs_no_match_inline ... ok
test tests::test_bind_refs_preamble_fields ... ok
test tests::test_bind_refs_single_type_match ... ok
test tests::test_context_extraction_from_aaai_pdf ... ok
test tests::test_context_extraction_from_aaei_pdf ... ok
test tests::test_context_extraction_from_aaoe_pdf ... ok
test tests::test_context_serialization_includes_variables ... ok
test tests::test_debug_aaab_fim_company_xfa_structure ... ok
test tests::test_baqn_parenthesized_roman_list ... ok
test tests::test_debug_des_postalcode_structure ... ok
test tests::test_debug_aaei_investmentvermogen_title ... ok
test tests::test_debug_postal_code_structure ... ok
test tests::test_debug_xfa_positioning ... ok
test tests::test_bage_headings_no_missing_translation ... ok
test tests::test_debug_fim_company_font ... ok
test tests::test_draw_text_extraction ... ok
test tests::test_dump_aaai_xfa ... ok
test tests::test_des_firstname_gets_vorname_via_embed ... ok
test tests::test_dump_xfa ... ok
test tests::test_flattened_key_different_labels ... ok
test tests::test_flattened_key_different_position ... ok
test tests::test_flattened_key_different_text_content ... ok
test tests::test_flattened_key_hashing ... ok
test tests::test_flattened_key_ignores_checked_state ... ok
test tests::test_flattened_key_ignores_field_values ... ok
test tests::test_explore_xfa_embed_structure ... ok
test tests::test_baqm_partial_bold_in_paragraph ... ok
test tests::test_flattened_with_scripts_has_vorname ... ok
test tests::test_grid_layout_equal_widths_use_span_1 ... ok
test tests::test_grid_layout_proportional_colspan_1_1_2 ... ok
test tests::test_grid_layout_proportional_colspan_1_to_2 ... ok
test tests::test_merge_pages_50_percent_threshold ... ok
test tests::test_merge_pages_footer_detection ... ok
test tests::test_merge_pages_header_and_footer_together ... ok
test tests::test_merge_pages_header_boundary_includes_all_elements_in_region ... ok
test tests::test_merge_pages_header_detection ... ok
test tests::test_merge_pages_no_repeated_elements_no_hints ... ok
test tests::test_merge_pages_single_page_passthrough ... ok
test tests::test_merge_pages_stacks_vertically ... ok
test tests::test_fully_parse_aaab_structure ... ok
test tests::test_parse_xfa_from_aaab_document ... ok
test tests::test_flatten_aaab_xfa ... ok
test tests::test_set_value_as_user_fires_change_event_on_checkbox ... ok
test tests::test_subform_border_reuses_single_edge_for_bottom_propagation ... ok
test tests::test_table_collection_infrastructure ... ok
test tests::test_to_aem_panics_when_bind_to_xsd_without_xsd_config - should panic ... ok
test tests::test_fragments_work_without_bind_to_xsd ... ok
test tests::test_ubs_profile_entity_folder_mapping ... ok
test tests::test_set_value_as_user_fires_change_event_on_dropdown ... ok
test tests::test_vorname_visible_after_xfa_form_refresh ... ok
test tests::test_xsd_basic_field_generation ... ok
test tests::test_xsd_child_validation_extra_child ... ok
test tests::test_xsd_child_validation_required_missing ... ok
test tests::test_xsd_child_validation_required_present ... ok
test tests::test_xsd_conditional_creates_choice ... ok
test tests::test_xsd_extract_declared_names ... ok
test tests::test_xsd_field_with_restrictions ... ok
test tests::test_xsd_heading_creates_complex_type ... ok
test tests::test_xsd_heading_with_type_ref ... ok
test tests::test_xsd_includes_deduplicated_by_path ... ok
test tests::test_xsd_includes_only_emitted_when_type_is_used ... ok
test tests::test_xsd_nested_heading_levels ... ok
test tests::test_xsd_no_includes_no_extra_whitespace ... ok
test tests::test_xsd_predefined_types_included ... ok
test tests::test_xsd_profile_master_language_defaults_to_none ... ok
test tests::test_xsd_profile_master_language_from_toml_is_applied ... ok
test tests::test_xsd_radio_creates_enumeration ... ok
test tests::test_xsd_repeatable_min_max_occurs ... ok
test tests::test_xsd_snake_case_conversion ... ok
test tests::test_xsd_unmatched_field_uses_snake_case ... ok
test tests::test_xsd_unused_includes_not_emitted ... ok
test xfa::context_extraction_tests::test_collect_text_variables ... ok
test xfa::context_extraction_tests::test_extract_context_from_nodes ... ok
test xfa::context_extraction_tests::test_extract_language_fallback_empty_tree ... ok
test xfa::context_extraction_tests::test_extract_language_fallback_no_locale ... ok
test xfa::context_extraction_tests::test_extract_language_from_locale_de_de ... ok
test xfa::context_extraction_tests::test_extract_language_from_locale_it_it ... ok
test xfa::context_extraction_tests::test_extract_language_from_locale_language_only ... ok
test xfa::context_extraction_tests::test_find_root_subform_skips_page_set ... ok
test xfa::font_manager::tests::test_default_xfa_font ... ok
test xfa::font_manager::tests::test_embedded_font_registration ... ok
test xfa::font_manager::tests::test_fallback_font ... ok
test xfa::font_manager::tests::test_font_manager_creation ... ok
test xfa::font_manager::tests::test_font_variant_creation ... ok
test xfa::font_manager::tests::test_generic_family_fallbacks ... ok
test xfa::font_manager::tests::test_generic_family_parsing ... ok
test xfa::font_manager::tests::test_strict_mode_error ... ok
test xfa::hyphenation::tests::test_emergency_hyphenation ... ok
test xfa::hyphenation::tests::test_exclude_all_caps ... ok
test xfa::hyphenation::tests::test_exclude_initial_cap ... ok
test xfa::hyphenation::tests::test_german_compound_word_hyphenation ... ok
test xfa::hyphenation::tests::test_hyphenation_disabled ... ok
test xfa::hyphenation::tests::test_remain_push_filtering ... ok
test xfa::hyphenation::tests::test_short_word_excluded ... ok
test xfa::hyphenation::tests::test_word_with_digits_ineligible ... ok
test xfa::script_executor::tests::test_calculate_result_replaces_field_value ... ok
test xfa::script_executor::tests::test_calculate_runs_before_initialize ... ok
test xfa::script_executor::tests::test_dynamic_inactive_suppresses_later_phases ... ok
test xfa::script_executor::tests::test_inactive_container_suppresses_children ... ok
test xfa::script_executor::tests::test_inactive_presence_suppresses_form_ready_event ... ok
test xfa::script_executor::tests::test_inactive_presence_suppresses_initialize_event ... ok
test xfa::script_executor::tests::test_intra_phase_init_presence_suppression ... ok
test xfa::script_executor::tests::test_validate_runs_after_calculate_before_initialize ... ok
test xfa::scripting::script_object::tests::test_extract_bare_assignments ... ok
test xfa::scripting::script_object::tests::test_extract_function_names ... ok
test xfa::scripting::script_object::tests::test_extract_var_names ... ok
test xfa::scripting::script_object::tests::test_wrap_script_object_bare_assignments ... ok
test xfa::scripting::script_object::tests::test_wrap_script_object_empty_content ... ok
test xfa::scripting::script_object::tests::test_wrap_script_object_global_this ... ok
test xfa::scripting::script_object::tests::test_wrap_script_object_xfa_spec_example ... ok
test xfa::scripting::tests::test_border_color_settable ... ok
test xfa::scripting::tests::test_border_property_accessible ... ok
test xfa::scripting::tests::test_calc_already_convergent_single_pass ... ok
test xfa::scripting::tests::test_calc_convergence_chain_three_fields ... ok
test xfa::scripting::tests::test_calc_convergence_forward_order ... ok
test xfa::scripting::tests::test_calc_convergence_reverse_order ... ok
test xfa::scripting::tests::test_caption_and_assist_accessible ... ok
test xfa::scripting::tests::test_change_event_full_text_is_new_value ... ok
test xfa::scripting::tests::test_change_event_prev_text_is_old_value ... ok
test xfa::scripting::tests::test_change_event_sets_new_text ... ok
test xfa::scripting::tests::test_context_aware_field_resolution ... ok
test xfa::scripting::tests::test_dependency_cascade ... ok
test xfa::scripting::tests::test_dependency_tracker ... ok
test xfa::scripting::tests::test_event_activity_name ... ok
test xfa::scripting::tests::test_event_activity_parsing ... ok
test xfa::scripting::tests::test_event_all_properties_accessible ... ok
test xfa::scripting::tests::test_event_cancel_action_writable ... ok
test xfa::scripting::tests::test_event_change_property_for_change_event ... ok
test xfa::scripting::tests::test_event_modifier_defaults_false ... ok
test xfa::scripting::tests::test_event_name_property ... ok
test xfa::scripting::tests::test_event_ref_parsing ... ok
test xfa::scripting::tests::test_event_target_property ... ok
test xfa::scripting::tests::test_exclgroup_child_to_parent_propagation ... ok
test xfa::scripting::tests::test_exclgroup_dedup_full_path_keys ... ok
test xfa::scripting::tests::test_exclgroup_dedup_selected_vs_deselected ... ok
test xfa::scripting::tests::test_exclgroup_deselection_preserves_empty_values ... ok
test xfa::scripting::tests::test_exclgroup_non_child_does_not_propagate ... ok
test xfa::scripting::tests::test_exclgroup_off_value_used_when_deactivated ... ok
test xfa::scripting::tests::test_exclgroup_parent_to_child_deselects_previous ... ok
test xfa::scripting::tests::test_exclgroup_parent_to_child_propagation ... ok
test xfa::scripting::tests::test_exclgroup_parent_to_child_via_script ... ok
test xfa::scripting::tests::test_exclgroup_propagates_empty_value ... ok
test xfa::scripting::tests::test_exclgroup_propagates_zero_value ... ok
test xfa::scripting::tests::test_exclgroup_script_sets_child_rawvalue ... ok
test xfa::scripting::tests::test_exclgroup_structural_detection_no_naming_convention ... ok
test xfa::scripting::tests::test_exec_event_basic ... ok
test xfa::scripting::tests::test_exec_event_calculate ... ok
test xfa::scripting::tests::test_exec_event_inactive_fails_silently ... ok
test xfa::scripting::tests::test_exec_event_nonexistent_activity ... ok
test xfa::scripting::tests::test_exec_event_returns_to_caller ... ok
test xfa::scripting::tests::test_field_object_does_not_have_instance_manager ... ok
test xfa::scripting::tests::test_font_property_accessible ... ok
test xfa::scripting::tests::test_get_all_field_values_for_flattening_preserves_empty_strings ... ok
test xfa::scripting::tests::test_get_all_som_field_values_preserves_empty_strings ... ok
test xfa::scripting::tests::test_hidden_field_calculates_value ... ok
test xfa::scripting::tests::test_hidden_field_initializes ... ok
test xfa::scripting::tests::test_inactive_field_presence_in_engine ... ok
test xfa::scripting::tests::test_js_helpers_available ... ok
test xfa::scripting::tests::test_language_switch_english ... ok
test xfa::scripting::tests::test_language_switch_german ... ok
test xfa::scripting::tests::test_listen_attribute_parsed ... ok
test xfa::scripting::tests::test_presence_from_str ... ok
test xfa::scripting::tests::test_presence_should_skip_layout ... ok
test xfa::scripting::tests::test_property_stubs_dont_affect_raw_value ... ok
test xfa::scripting::tests::test_relocatable_script_two_detail_subforms ... ok
test xfa::scripting::tests::test_resolve_nodes_all_instances ... ok
test xfa::scripting::tests::test_resolve_nodes_by_simple_name ... ok
test xfa::scripting::tests::test_resolve_nodes_descendant_accessor ... ok
test xfa::scripting::tests::test_resolve_nodes_nonexistent ... ok
test xfa::scripting::tests::test_resolve_nodes_specific_index ... ok
test xfa::scripting::tests::test_script_clearing_field_via_empty_rawvalue_is_detected ... ok
test xfa::scripting::tests::test_script_content_type_parsing ... ok
test xfa::scripting::tests::test_script_engine_basic ... ok
test xfa::scripting::tests::test_script_registry_registration ... ok
test xfa::scripting::tests::test_script_type_from_activity ... ok
test xfa::scripting::tests::test_script_with_this_reference ... ok
test xfa::scripting::tests::test_shortened_path_alias_detects_real_change ... ok
test xfa::scripting::tests::test_shortened_path_aliases_carry_initial_presence ... ok
test xfa::scripting::tests::test_shortened_path_aliases_visible_field_no_false_change ... ok
test xfa::scripting::tests::test_som_path_creation ... ok
test xfa::scripting::tests::test_som_path_parent ... ok
test xfa::scripting::tests::test_som_resolver_basic ... ok
test xfa::scripting::tests::test_som_resolver_indexed ... ok
test xfa::scripting::tests::test_subform_object_has_instance_manager ... ok
test xfa::scripting::tests::test_subform_via_register_field_with_presence_has_instance_manager ... ok
test xfa::scripting::tests::test_unqualified_fails_when_not_found ... ok
test xfa::scripting::tests::test_unqualified_resolves_ancestor_sibling ... ok
test xfa::scripting::tests::test_unqualified_resolves_child_first ... ok
test xfa::scripting::tests::test_unqualified_resolves_sibling ... ok
test xfa::scripting::tests::test_update_field_presence_baseline_does_not_create_new_js_objects ... ok
test xfa::scripting::tests::test_update_field_presence_baseline_presence_change_detection ... ok
test xfa::scripting::tests::test_update_field_presence_baseline_skips_unregistered_path ... ok
test xfa::scripting::tests::test_update_field_presence_baseline_updates_existing_entry ... ok
test xfa::scripting::tests::test_xfa_value_as_string ... ok
test xfa::text_metrics::tests::test_ascent_overflow_first_line ... ok
test xfa::text_metrics::tests::test_ascent_overflow_not_applied_with_spacing_override ... ok
test xfa::text_metrics::tests::test_baseline_shift_accumulation ... ok
test xfa::text_metrics::tests::test_line_gap_is_20_percent ... ok
test xfa::text_metrics::tests::test_line_metrics_baseline ... ok
test xfa::text_metrics::tests::test_line_metrics_full_height ... ok
test xfa::text_metrics::tests::test_text_height ... ok
test xsd::tests::path_to_forward_slash_string_keeps_single_file_name ... ok
test xsd::tests::path_to_forward_slash_string_uses_forward_slashes ... ok
test tests::test_ubs_profile_aem_output_matches_legacy ... ok
test tests::test_vorname_label_visible_in_flattened_output ... ok
test tests::test_aem_xml_valid_aacj ... ok
test tests::test_bagq_exhaustive_discovers_checkbox_hidden_content ... ok
test tests::test_radio_inherits_heading_label_when_directly_above ... ok
test tests::test_aahq_nachname_vorname_in_same_row ... ok
test tests::test_aem_xml_valid_aacc ... ok
test tests::test_antrag_sozialhilfe_structured_headings_and_fields ... ok
test tests::test_antrag_sozialhilfe_has_unordered_list_with_three_items ... ok
test tests::test_aem_xml_valid_aahq has been running for over 60 seconds
test tests::test_aahq_pvv_banklagernder_kunde_radio_group ... ok
test tests::test_aem_xml_valid_aahq ... ok

test result: ok. 744 passed; 0 failed; 2 ignored; 0 measured; 0 filtered out; finished in 1841.36s

     Running unittests src/main.rs (target/release/deps/blueprint_app-81672fc2bbc23696)

running 14 tests
test components::editor::state::tests::get_node_at_path_still_resolves_regular_nodes ... ok
test components::editor::node_renderer::tests::format_list_marker_supports_ordered_styles ... ok
test components::editor::state::tests::compute_add_options_for_nested_list_item_keeps_nested_parent ... ok
test components::editor::state::tests::delete_nodes_deletes_nested_list_item ... ok
test components::editor::state::tests::get_list_item_text_mut_updates_nested_item ... ok
test components::editor::state::tests::get_list_at_path_resolves_nested_sublist ... ok
test components::editor::state::tests::move_list_item_up_moves_nested_item_within_sublist ... ok
test markdown::tests::test_bold_roundtrip ... ok
test markdown::tests::test_italic_roundtrip ... ok
test markdown::tests::test_multilingual_display_per_language ... ok
test markdown::tests::test_mixed_formatting ... ok
test components::editor::node_renderer::tests::format_list_marker_supports_unordered_styles ... ok
test markdown::tests::test_multilingual_preserves_formatting ... ok
test markdown::tests::test_plain_text_roundtrip ... ok

test result: ok. 14 passed; 0 failed; 0 ignored; 0 measured; 0 filtered out; finished in 0.00s

     Running unittests src/main.rs (target/release/deps/blueprint-326d40bffe7e9453)

running 3 tests
test tests::require_profile_name_errors_when_missing ... ok
test tests::embedded_html_loader_errors_when_profile_missing ... ok
test tests::embedded_xsd_loader_succeeds_for_existing_profile ... ok

test result: ok. 3 passed; 0 failed; 0 ignored; 0 measured; 0 filtered out; finished in 0.00s

     Running unittests src/main.rs (target/release/deps/judge-eaca9c8c66a808a7)

running 0 tests

test result: ok. 0 passed; 0 failed; 0 ignored; 0 measured; 0 filtered out; finished in 0.00s

   Doc-tests blueprint

running 8 tests
test core/src/aem/mod.rs - aem (line 16) ... ignored
test core/src/document/mod.rs - document::Document<'a>::root_groups_matching (line 1138) ... ignored
test core/src/document/modules/mod.rs - document::modules (line 80) ... ignored
test core/src/lib.rs - (line 17) ... ignored
test core/src/pipeline.rs - pipeline (line 27) ... ignored
test core/src/pipeline.rs - pipeline::run_pipeline (line 260) ... ignored
test core/src/xfa/scripting/engine.rs - xfa::scripting::engine::read_js_string_prop (line 32) ... ignored
test core/src/xfa/scripting/mod.rs - xfa::scripting (line 33) ... ignored

test result: ok. 0 passed; 0 failed; 8 ignored; 0 measured; 0 filtered out; finished in 0.00s

all doctests ran in 0.65s; merged doctests compilation took 0.36s
